------------------------------------------------------------
TimeQuest Timing Analyzer Summary
------------------------------------------------------------

Type  : Slow Model Setup 'clk'
Slack : -7.746
TNS   : -400.091

Type  : Slow Model Setup 'exponential:inst|datapath:dP|counter:count|out[3]'
Slack : -1.554
TNS   : -15.400

Type  : Slow Model Setup 'exponential:inst|datapath:dP|register18:rres|r_out[16]'
Slack : -0.688
TNS   : -1.135

Type  : Slow Model Hold 'exponential:inst|datapath:dP|register18:rres|r_out[16]'
Slack : -2.748
TNS   : -4.960

Type  : Slow Model Hold 'clk'
Slack : -2.687
TNS   : -10.140

Type  : Slow Model Hold 'exponential:inst|datapath:dP|counter:count|out[3]'
Slack : 0.665
TNS   : 0.000

Type  : Slow Model Recovery 'clk'
Slack : -0.419
TNS   : -3.352

Type  : Slow Model Removal 'clk'
Slack : 1.171
TNS   : 0.000

Type  : Slow Model Minimum Pulse Width 'clk'
Slack : -1.814
TNS   : -180.129

Type  : Slow Model Minimum Pulse Width 'exponential:inst|datapath:dP|counter:count|out[3]'
Slack : 0.500
TNS   : 0.000

Type  : Slow Model Minimum Pulse Width 'exponential:inst|datapath:dP|register18:rres|r_out[16]'
Slack : 0.500
TNS   : 0.000

Type  : Fast Model Setup 'clk'
Slack : -2.492
TNS   : -84.370

Type  : Fast Model Setup 'exponential:inst|datapath:dP|counter:count|out[3]'
Slack : -0.108
TNS   : -0.718

Type  : Fast Model Setup 'exponential:inst|datapath:dP|register18:rres|r_out[16]'
Slack : 0.592
TNS   : 0.000

Type  : Fast Model Hold 'clk'
Slack : -1.717
TNS   : -7.120

Type  : Fast Model Hold 'exponential:inst|datapath:dP|register18:rres|r_out[16]'
Slack : -1.541
TNS   : -3.141

Type  : Fast Model Hold 'exponential:inst|datapath:dP|counter:count|out[3]'
Slack : 0.431
TNS   : 0.000

Type  : Fast Model Recovery 'clk'
Slack : 0.297
TNS   : 0.000

Type  : Fast Model Removal 'clk'
Slack : 0.583
TNS   : 0.000

Type  : Fast Model Minimum Pulse Width 'clk'
Slack : -1.519
TNS   : -147.756

Type  : Fast Model Minimum Pulse Width 'exponential:inst|datapath:dP|counter:count|out[3]'
Slack : 0.500
TNS   : 0.000

Type  : Fast Model Minimum Pulse Width 'exponential:inst|datapath:dP|register18:rres|r_out[16]'
Slack : 0.500
TNS   : 0.000

------------------------------------------------------------
